[[1;34mINFO[m] Scanning for projects...
[[1;34mINFO[m] 
[[1;34mINFO[m] [1m---------------< [0;36mcom.example:Event-Driven-Order-System[0;1m >----------------[m
[[1;34mINFO[m] [1mBuilding  0.0.1-SNAPSHOT[m
[[1;34mINFO[m]   from pom.xml
[[1;34mINFO[m] [1m--------------------------------[ jar ]---------------------------------[m
[[1;34mINFO[m] 
[[1;34mINFO[m] [1m--- [0;32mresources:3.5.0:resources[m [1m(default-resources)[m @ [36mEvent-Driven-Order-System[0;1m ---[m
[[1;34mINFO[m] Copying 1 resource from src/main/resources to target/classes
[[1;34mINFO[m] Copying 0 resource from src/main/resources to target/classes
[[1;34mINFO[m] 
[[1;34mINFO[m] [1m--- [0;32mcompiler:3.15.0:compile[m [1m(default-compile)[m @ [36mEvent-Driven-Order-System[0;1m ---[m
[[1;34mINFO[m] Nothing to compile - all classes are up to date.
[[1;34mINFO[m] 
[[1;34mINFO[m] [1m--- [0;32mresources:3.5.0:testResources[m [1m(default-testResources)[m @ [36mEvent-Driven-Order-System[0;1m ---[m
[[1;34mINFO[m] skip non existing resourceDirectory /home/amzazi/Desktop/personal_projects/Event-Driven-Order-System/src/test/resources
[[1;34mINFO[m] 
[[1;34mINFO[m] [1m--- [0;32mcompiler:3.15.0:testCompile[m [1m(default-testCompile)[m @ [36mEvent-Driven-Order-System[0;1m ---[m
[[1;34mINFO[m] Nothing to compile - all classes are up to date.
[[1;34mINFO[m] 
[[1;34mINFO[m] [1m--- [0;32msurefire:3.5.6:test[m [1m(default-test)[m @ [36mEvent-Driven-Order-System[0;1m ---[m
[[1;34mINFO[m] Using auto detected provider org.apache.maven.surefire.junitplatform.JUnitPlatformProvider
[[1;34mINFO[m] 
[[1;34mINFO[m] -------------------------------------------------------
[[1;34mINFO[m]  T E S T S
[[1;34mINFO[m] -------------------------------------------------------
[[1;34mINFO[m] Running com.example.Event_Driven_Order_System.[1mOptimisticLockingTest[m
19:47:00.792 [main] INFO org.springframework.test.context.support.AnnotationConfigContextLoaderUtils -- Could not detect default configuration classes for test class [com.example.Event_Driven_Order_System.OptimisticLockingTest]: OptimisticLockingTest does not declare any static, non-private, non-final, nested classes annotated with @Configuration.
19:47:00.976 [main] INFO org.springframework.boot.test.context.SpringBootTestContextBootstrapper -- Found @SpringBootConfiguration com.example.Event_Driven_Order_System.EventDrivenOrderSystemApplication for test class com.example.Event_Driven_Order_System.OptimisticLockingTest
19:47:01.115 [main] INFO org.springframework.test.context.support.AnnotationConfigContextLoaderUtils -- Could not detect default configuration classes for test class [com.example.Event_Driven_Order_System.OptimisticLockingTest]: OptimisticLockingTest does not declare any static, non-private, non-final, nested classes annotated with @Configuration.
19:47:01.117 [main] INFO org.springframework.boot.test.context.SpringBootTestContextBootstrapper -- Found @SpringBootConfiguration com.example.Event_Driven_Order_System.EventDrivenOrderSystemApplication for test class com.example.Event_Driven_Order_System.OptimisticLockingTest
19:47:01.246 [main] INFO org.springframework.boot.devtools.restart.RestartApplicationListener -- Restart disabled due to context in which it is running

  .   ____          _            __ _ _
 /\\ / ___'_ __ _ _(_)_ __  __ _ \ \ \ \
( ( )\___ | '_ | '_| | '_ \/ _` | \ \ \ \
 \\/  ___)| |_)| | | | | || (_| |  ) ) ) )
  '  |____| .__|_| |_|_| |_\__, | / / / /
 =========|_|==============|___/=/_/_/_/

 :: Spring Boot ::                (v4.1.1)

2026-09-27T19:47:01.701+01:00  INFO 16873 --- [Event-Driven-Order-System] [           main] c.e.E.OptimisticLockingTest              : Starting OptimisticLockingTest using Java 21.0.11 with PID 16873 (started by amzazi in /home/amzazi/Desktop/personal_projects/Event-Driven-Order-System)
2026-09-27T19:47:01.704+01:00  INFO 16873 --- [Event-Driven-Order-System] [           main] c.e.E.OptimisticLockingTest              : No active profile set, falling back to 1 default profile: "default"
2026-09-27T19:47:02.862+01:00  INFO 16873 --- [Event-Driven-Order-System] [           main] .s.d.r.c.RepositoryConfigurationDelegate : Bootstrapping Spring Data JPA repositories in DEFAULT mode.
2026-09-27T19:47:02.970+01:00  INFO 16873 --- [Event-Driven-Order-System] [           main] .s.d.r.c.RepositoryConfigurationDelegate : Finished Spring Data repository scanning in 91 ms. Found 3 JPA repository interfaces.
2026-09-27T19:47:03.757+01:00  INFO 16873 --- [Event-Driven-Order-System] [           main] org.hibernate.orm.jpa                    : HHH008540: Processing PersistenceUnitInfo [name: default]
2026-09-27T19:47:03.870+01:00  INFO 16873 --- [Event-Driven-Order-System] [           main] org.hibernate.orm.core                   : HHH000001: Hibernate ORM core version 7.4.5.Final
2026-09-27T19:47:04.552+01:00  INFO 16873 --- [Event-Driven-Order-System] [           main] o.s.o.j.p.SpringPersistenceUnitInfo      : No LoadTimeWeaver setup: ignoring JPA class transformer
2026-09-27T19:47:04.605+01:00  INFO 16873 --- [Event-Driven-Order-System] [           main] com.zaxxer.hikari.HikariDataSource       : HikariPool-1 - Starting...
2026-09-27T19:47:04.874+01:00  INFO 16873 --- [Event-Driven-Order-System] [           main] com.zaxxer.hikari.pool.HikariPool        : HikariPool-1 - Added connection conn0: url=jdbc:h2:mem:testdb user=SA
2026-09-27T19:47:04.877+01:00  INFO 16873 --- [Event-Driven-Order-System] [           main] com.zaxxer.hikari.HikariDataSource       : HikariPool-1 - Start completed.
2026-09-27T19:47:04.969+01:00  INFO 16873 --- [Event-Driven-Order-System] [           main] org.hibernate.orm.connections.pooling    : HHH10001005: Database info:
	Database JDBC URL [jdbc:h2:mem:testdb]
	Database driver: H2 JDBC Driver
	Database dialect: H2Dialect
	Database version: 2.4.240
	Default catalog/schema: TESTDB/PUBLIC
	Autocommit mode: undefined/unknown
	Isolation level: READ_COMMITTED [default READ_COMMITTED]
	JDBC fetch size: 100
	Pool: DataSourceConnectionProvider
	Minimum pool size: undefined/unknown
	Maximum pool size: undefined/unknown
2026-09-27T19:47:06.189+01:00  INFO 16873 --- [Event-Driven-Order-System] [           main] org.hibernate.orm.core                   : HHH000489: No JTA platform available (set 'hibernate.transaction.jta.platform' to enable JTA platform integration)
2026-09-27T19:47:06.268+01:00  INFO 16873 --- [Event-Driven-Order-System] [           main] j.LocalContainerEntityManagerFactoryBean : Initialized JPA EntityManagerFactory for persistence unit 'default'
2026-09-27T19:47:06.406+01:00  INFO 16873 --- [Event-Driven-Order-System] [           main] o.s.d.j.r.query.QueryEnhancerFactories   : Hibernate is in classpath; If applicable, HQL parser will be used.
2026-09-27T19:47:06.725+01:00  WARN 16873 --- [Event-Driven-Order-System] [           main] JpaBaseConfiguration$JpaWebConfiguration : spring.jpa.open-in-view is enabled by default. Therefore, database queries may be performed during view rendering. Explicitly configure spring.jpa.open-in-view to disable this warning
2026-09-27T19:47:07.302+01:00  INFO 16873 --- [Event-Driven-Order-System] [           main] c.e.E.OptimisticLockingTest              : Started OptimisticLockingTest in 6.079 seconds (process running for 7.853)
Mockito is currently self-attaching to enable the inline-mock-maker. This will no longer work in future releases of the JDK. Please add Mockito as an agent to your build as described in Mockito's documentation: https://javadoc.io/doc/org.mockito/mockito-core/latest/org.mockito/org/mockito/Mockito.html#0.3
WARNING: A Java agent has been loaded dynamically (/home/amzazi/.m2/repository/net/bytebuddy/byte-buddy-agent/1.18.11/byte-buddy-agent-1.18.11.jar)
WARNING: If a serviceability tool is in use, please run with -XX:+EnableDynamicAgentLoading to hide this warning
WARNING: If a serviceability tool is not in use, please run with -Djdk.instrument.traceUsage for more information
WARNING: Dynamic loading of agents will be disallowed by default in a future release
Java HotSpot(TM) 64-Bit Server VM warning: Sharing is only supported for boot loader classes because bootstrap classpath has been appended
2026-09-27T19:47:07.949+01:00  INFO 16873 --- [Event-Driven-Order-System] [pool-3-thread-3] c.e.E.service.ProductService             : Attempting update on product 91d7fbff-03ba-4fb7-b59f-7efde727cb5c
2026-09-27T19:47:07.950+01:00  INFO 16873 --- [Event-Driven-Order-System] [pool-3-thread-5] c.e.E.service.ProductService             : Attempting update on product 91d7fbff-03ba-4fb7-b59f-7efde727cb5c
2026-09-27T19:47:07.951+01:00  INFO 16873 --- [Event-Driven-Order-System] [pool-3-thread-2] c.e.E.service.ProductService             : Attempting update on product 91d7fbff-03ba-4fb7-b59f-7efde727cb5c
2026-09-27T19:47:07.951+01:00  INFO 16873 --- [Event-Driven-Order-System] [pool-3-thread-1] c.e.E.service.ProductService             : Attempting update on product 91d7fbff-03ba-4fb7-b59f-7efde727cb5c
2026-09-27T19:47:07.949+01:00  INFO 16873 --- [Event-Driven-Order-System] [pool-3-thread-6] c.e.E.service.ProductService             : Attempting update on product 91d7fbff-03ba-4fb7-b59f-7efde727cb5c
2026-09-27T19:47:07.951+01:00  INFO 16873 --- [Event-Driven-Order-System] [pool-3-thread-8] c.e.E.service.ProductService             : Attempting update on product 91d7fbff-03ba-4fb7-b59f-7efde727cb5c
2026-09-27T19:47:07.954+01:00  INFO 16873 --- [Event-Driven-Order-System] [ool-3-thread-10] c.e.E.service.ProductService             : Attempting update on product 91d7fbff-03ba-4fb7-b59f-7efde727cb5c
2026-09-27T19:47:07.954+01:00  INFO 16873 --- [Event-Driven-Order-System] [pool-3-thread-9] c.e.E.service.ProductService             : Attempting update on product 91d7fbff-03ba-4fb7-b59f-7efde727cb5c
2026-09-27T19:47:07.951+01:00  INFO 16873 --- [Event-Driven-Order-System] [pool-3-thread-7] c.e.E.service.ProductService             : Attempting update on product 91d7fbff-03ba-4fb7-b59f-7efde727cb5c
2026-09-27T19:47:07.952+01:00  INFO 16873 --- [Event-Driven-Order-System] [pool-3-thread-4] c.e.E.service.ProductService             : Attempting update on product 91d7fbff-03ba-4fb7-b59f-7efde727cb5c
2026-09-27T19:47:08.259+01:00  INFO 16873 --- [Event-Driven-Order-System] [pool-3-thread-1] c.e.E.service.ProductService             : Attempting update on product 91d7fbff-03ba-4fb7-b59f-7efde727cb5c
2026-09-27T19:47:08.261+01:00  INFO 16873 --- [Event-Driven-Order-System] [pool-3-thread-8] c.e.E.service.ProductService             : Attempting update on product 91d7fbff-03ba-4fb7-b59f-7efde727cb5c
2026-09-27T19:47:08.263+01:00  INFO 16873 --- [Event-Driven-Order-System] [ool-3-thread-10] c.e.E.service.ProductService             : Attempting update on product 91d7fbff-03ba-4fb7-b59f-7efde727cb5c
2026-09-27T19:47:08.259+01:00  INFO 16873 --- [Event-Driven-Order-System] [pool-3-thread-4] c.e.E.service.ProductService             : Attempting update on product 91d7fbff-03ba-4fb7-b59f-7efde727cb5c
2026-09-27T19:47:08.259+01:00  INFO 16873 --- [Event-Driven-Order-System] [pool-3-thread-7] c.e.E.service.ProductService             : Attempting update on product 91d7fbff-03ba-4fb7-b59f-7efde727cb5c
2026-09-27T19:47:08.260+01:00  INFO 16873 --- [Event-Driven-Order-System] [pool-3-thread-2] c.e.E.service.ProductService             : Attempting update on product 91d7fbff-03ba-4fb7-b59f-7efde727cb5c
2026-09-27T19:47:08.265+01:00  INFO 16873 --- [Event-Driven-Order-System] [pool-3-thread-3] c.e.E.service.ProductService             : Attempting update on product 91d7fbff-03ba-4fb7-b59f-7efde727cb5c
2026-09-27T19:47:08.260+01:00  INFO 16873 --- [Event-Driven-Order-System] [pool-3-thread-9] c.e.E.service.ProductService             : Attempting update on product 91d7fbff-03ba-4fb7-b59f-7efde727cb5c
2026-09-27T19:47:08.259+01:00  INFO 16873 --- [Event-Driven-Order-System] [pool-3-thread-6] c.e.E.service.ProductService             : Attempting update on product 91d7fbff-03ba-4fb7-b59f-7efde727cb5c
Final quantity: 5
[[1;34mINFO[m] [1;32mTests run: [0;1;32m1[m, Failures: 0, Errors: 0, Skipped: 0, Time elapsed: 7.858 s -- in com.example.Event_Driven_Order_System.[1mOptimisticLockingTest[m
[[1;34mINFO[m] 
[[1;34mINFO[m] Results:
[[1;34mINFO[m] 
[[1;34mINFO[m] [1;32mTests run: 1, Failures: 0, Errors: 0, Skipped: 0[m
[[1;34mINFO[m] 
[[1;34mINFO[m] [1m------------------------------------------------------------------------[m
[[1;34mINFO[m] [1;32mBUILD SUCCESS[m
[[1;34mINFO[m] [1m------------------------------------------------------------------------[m
[[1;34mINFO[m] Total time:  11.393 s
[[1;34mINFO[m] Finished at: 2026-09-27T19:47:08+01:00
[[1;34mINFO[m] [1m------------------------------------------------------------------------[m
